------------------------------------------------------------
Timing Analyzer Summary
------------------------------------------------------------

Type  : Slow 1200mV 85C Model Setup 'CLK'
Slack : -3.383
TNS   : -48.997

Type  : Slow 1200mV 85C Model Setup 'CLKDIV:clock1|tmp'
Slack : -0.935
TNS   : -4.295

Type  : Slow 1200mV 85C Model Hold 'CLKDIV:clock1|tmp'
Slack : 0.324
TNS   : 0.000

Type  : Slow 1200mV 85C Model Hold 'CLK'
Slack : 0.547
TNS   : 0.000

Type  : Slow 1200mV 85C Model Minimum Pulse Width 'CLK'
Slack : -3.000
TNS   : -43.326

Type  : Slow 1200mV 85C Model Minimum Pulse Width 'CLKDIV:clock1|tmp'
Slack : -1.222
TNS   : -7.332

Type  : Slow 1200mV 0C Model Setup 'CLK'
Slack : -2.985
TNS   : -41.457

Type  : Slow 1200mV 0C Model Setup 'CLKDIV:clock1|tmp'
Slack : -0.775
TNS   : -3.435

Type  : Slow 1200mV 0C Model Hold 'CLKDIV:clock1|tmp'
Slack : 0.293
TNS   : 0.000

Type  : Slow 1200mV 0C Model Hold 'CLK'
Slack : 0.502
TNS   : 0.000

Type  : Slow 1200mV 0C Model Minimum Pulse Width 'CLK'
Slack : -3.000
TNS   : -43.326

Type  : Slow 1200mV 0C Model Minimum Pulse Width 'CLKDIV:clock1|tmp'
Slack : -1.222
TNS   : -7.332

Type  : Fast 1200mV 0C Model Setup 'CLK'
Slack : -1.183
TNS   : -7.370

Type  : Fast 1200mV 0C Model Setup 'CLKDIV:clock1|tmp'
Slack : 0.095
TNS   : 0.000

Type  : Fast 1200mV 0C Model Hold 'CLKDIV:clock1|tmp'
Slack : 0.147
TNS   : 0.000

Type  : Fast 1200mV 0C Model Hold 'CLK'
Slack : 0.246
TNS   : 0.000

Type  : Fast 1200mV 0C Model Minimum Pulse Width 'CLK'
Slack : -3.000
TNS   : -37.015

Type  : Fast 1200mV 0C Model Minimum Pulse Width 'CLKDIV:clock1|tmp'
Slack : -1.000
TNS   : -6.000

------------------------------------------------------------
