------------------------------------------------------------
Timing Analyzer Summary
------------------------------------------------------------

Type  : Slow 1200mV 85C Model Setup 'clk_in'
Slack : -2.471
TNS   : -10.480

Type  : Slow 1200mV 85C Model Setup 'Kack'
Slack : -1.735
TNS   : -4.770

Type  : Slow 1200mV 85C Model Hold 'clk_in'
Slack : 0.324
TNS   : 0.000

Type  : Slow 1200mV 85C Model Hold 'Kack'
Slack : 0.780
TNS   : 0.000

Type  : Slow 1200mV 85C Model Minimum Pulse Width 'clk_in'
Slack : -3.000
TNS   : -11.554

Type  : Slow 1200mV 85C Model Minimum Pulse Width 'Kack'
Slack : -3.000
TNS   : -3.000

Type  : Slow 1200mV 0C Model Setup 'clk_in'
Slack : -2.121
TNS   : -9.044

Type  : Slow 1200mV 0C Model Setup 'Kack'
Slack : -1.597
TNS   : -4.322

Type  : Slow 1200mV 0C Model Hold 'clk_in'
Slack : 0.294
TNS   : 0.000

Type  : Slow 1200mV 0C Model Hold 'Kack'
Slack : 0.787
TNS   : 0.000

Type  : Slow 1200mV 0C Model Minimum Pulse Width 'clk_in'
Slack : -3.000
TNS   : -11.554

Type  : Slow 1200mV 0C Model Minimum Pulse Width 'Kack'
Slack : -3.000
TNS   : -3.000

Type  : Fast 1200mV 0C Model Setup 'clk_in'
Slack : -1.437
TNS   : -3.743

Type  : Fast 1200mV 0C Model Setup 'Kack'
Slack : -0.279
TNS   : -0.769

Type  : Fast 1200mV 0C Model Hold 'clk_in'
Slack : 0.014
TNS   : 0.000

Type  : Fast 1200mV 0C Model Hold 'Kack'
Slack : 0.348
TNS   : 0.000

Type  : Fast 1200mV 0C Model Minimum Pulse Width 'clk_in'
Slack : -3.000
TNS   : -10.597

Type  : Fast 1200mV 0C Model Minimum Pulse Width 'Kack'
Slack : -3.000
TNS   : -3.000

------------------------------------------------------------
